# 📋 Log de Actualizaciones - Documentación TikZ ICFES

## 🎯 **Implementación Inicial - `r Sys.Date()`**

### ✅ **Estructura Creada**
- [x] Directorio base: `Auxiliares/TikZ-Documentation/`
- [x] Subdirectorios por área matemática:
  - `estadistica/` (gráficos-circulares, histogramas, diagramas-caja, distribuciones)
  - `geometria/` (figuras-planas, cuerpos-3d, transformaciones, construcciones)
  - `algebra-calculo/` (funciones, ecuaciones, gráficas, limites-derivadas)
  - `templates-rexams/` (parametrizables, multi-formato, icfes-aligned)
  - `referencias/` (fuentes-web, compatibilidad, actualizaciones)

### 📊 **Análisis de Recursos Existentes**
- [x] **Inventario completado**: 60+ archivos .Rmd con TikZ identificados
- [x] **Archivos exitosos analizados**: 15+ archivos FUERA de Lab validados
- [x] **Patrones exitosos documentados**: 3 patrones principales identificados
- [x] **Clasificación por competencias ICFES**:
  - Pensamiento Espacial-Métrico: ✅ Bien cubierto (cilindros, conos, prismas)
  - Pensamiento Aleatorio: ✅ Mejorado (Venn, tablas estadísticas)
  - Pensamiento Numérico-Variacional: ⚠️ Limitado (necesita funciones, gráficas)

### 🔧 **Documentación Técnica**
- [x] **Guía principal**: `TikZ-ICFES-Guide.md`
  - Análisis completo de recursos actuales
  - Patrones de compatibilidad identificados
  - Plan de búsqueda recursiva estructurado
- [x] **Referencias web**: `fuentes-web.md`
  - 20+ fuentes especializadas catalogadas
  - Estrategias de búsqueda definidas
  - Recursos de actualización automática
- [x] **Compatibilidad**: `compatibilidad.md`
  - Análisis por formato de salida R-exams
  - Scripts de diagnóstico automatizado
  - Guías de adaptación de código

### 🎨 **Templates Desarrollados**
- [x] **Cilindro parametrizable**: Adaptado de código existente
  - Variables R integradas
  - Compatible multi-formato
  - Documentación de uso incluida
- [x] **Gráfico circular ICFES**: Template nuevo
  - Alineado con competencias ICFES
  - Parametrización completa
  - Leyenda y etiquetas automáticas
- [x] **Tabla de datos TikZ**: Basado en archivos exitosos
  - Patrón más compatible identificado
  - Integración directa con variables R
  - Validado en múltiples formatos
- [x] **Diagrama de Venn**: Basado en DVenn_All_GenMus_01.Rmd
  - Patrón exitoso documentado
  - Soporte para 2 y 3 conjuntos
  - Colores estándar validados
- [x] **Sistema include_tikz()**: Template R completo
  - Máxima compatibilidad multi-formato
  - Funciones reutilizables
  - Validación automática de parámetros

### 🎯 **Prioridades Identificadas**

#### 🔴 **Alta Prioridad**
1. **Pensamiento Aleatorio**:
   - Histogramas parametrizables
   - Diagramas de caja (box plots)
   - Gráficos de barras
   - Distribuciones de probabilidad

2. **Pensamiento Numérico-Variacional**:
   - Gráficos de funciones lineales/cuadráticas
   - Plano cartesiano con coordenadas
   - Representaciones de proporciones
   - Diagramas de variación

#### 🟡 **Media Prioridad**
1. **Geometría 2D**:
   - Construcciones con regla y compás
   - Transformaciones geométricas
   - Polígonos regulares
   - Círculos y tangentes

#### 🟢 **Baja Prioridad**
1. **Álgebra Avanzada**:
   - Gráficos de límites y derivadas
   - Representaciones de series
   - Diagramas de optimización

---

## 🔄 **Próximas Actualizaciones Programadas**

### 📅 **Semana 1-2**
- [ ] **Búsqueda recursiva inicial**: 10 recursos TikZ prioritarios
- [ ] **Templates estadística**: Histograma y diagrama de barras
- [ ] **Validación multi-formato**: Probar templates existentes

### 📅 **Semana 3-4**
- [ ] **Integración con ejercicios**: Adaptar 3 ejercicios Lab existentes
- [ ] **Scripts automatización**: Herramientas de conversión y validación
- [ ] **Documentación ejemplos**: Casos de uso específicos ICFES

### 📅 **Mes 2**
- [ ] **Expansión geometría**: Templates para transformaciones
- [ ] **Funciones matemáticas**: Gráficos parametrizables
- [ ] **Sistema de búsqueda**: Automatización de actualizaciones

### 📅 **Trimestral**
- [ ] **Revisión completa**: Actualización de fuentes web
- [ ] **Evaluación impacto**: Métricas de uso y efectividad
- [ ] **Optimización**: Mejoras basadas en feedback

---

## 📊 **Métricas de Progreso**

### 🎯 **Estado Actual**
- **Recursos catalogados**: 15 archivos TikZ
- **Templates R-exams**: 2 desarrollados
- **Competencias cubiertas**: 2/3 (Espacial-Métrico ✅, Aleatorio ⚠️, Numérico-Variacional ❌)
- **Formatos validados**: 1/5 (PDF ✅, HTML ⚠️, Moodle ⚠️, Pandoc ❌, NOPS ❌)

### 🎯 **Objetivos Mes 1**
- **Recursos objetivo**: 50 archivos TikZ
- **Templates objetivo**: 10 desarrollados
- **Competencias objetivo**: 3/3 cubiertas
- **Formatos objetivo**: 5/5 validados

### 📈 **KPIs de Seguimiento**
- Número de ejercicios Lab usando nuevos templates
- Tiempo de desarrollo de nuevos ejercicios con TikZ
- Tasa de éxito en generación multi-formato
- Feedback de usuarios sobre calidad visual

---

**Última actualización**: `r Sys.Date()`  
**Próxima revisión**: `r Sys.Date() + 7` (semanal)  
**Responsable**: Sistema de Búsqueda Recursiva TikZ