# 📋 Log de Actualizaciones - Documentación Python-Reticulate ICFES

## 🎯 **Implementación Inicial - `r Sys.Date()`**

### ✅ **Estructura Creada**
- [x] Directorio base: `Auxiliares/Python-Documentation/`
- [x] Subdirectorios por área matemática:
  - `estadistica/` (graficos-barras, graficos-circulares, histogramas, diagramas-dispersion)
  - `algebra-calculo/` (funciones-lineales, funciones-cuadraticas, graficos-coordenadas, variacion)
  - `geometria/` (figuras-2d, transformaciones, medidas, coordenadas)
  - `templates-rexams/` (parametrizables, multi-formato, icfes-aligned)
  - `referencias/` (compatibilidad-python, actualizaciones-python)

### 📊 **Análisis de Recursos Existentes**
- [x] **Inventario completado**: 50+ archivos .Rmd con Python identificados
- [x] **Archivos exitosos analizados**: 20+ archivos FUERA de Lab validados
- [x] **Patrones exitosos documentados**: 4 patrones principales identificados
- [x] **Clasificación por competencias ICFES**:
  - Pensamiento Aleatorio: ✅ Excelente (barras, circulares, líneas múltiples)
  - Pensamiento Variacional-Espacial: ✅ Bueno (funciones lineales, gráficos coordenadas)
  - Pensamiento Numérico-Variacional: ⚠️ Limitado (necesita representaciones numéricas)
  - Pensamiento Espacial-Métrico: ❌ Escaso (necesita geometría 2D)

### 🔧 **Documentación Técnica**
- [x] **Guía principal**: `Python-ICFES-Guide.md`
  - Análisis completo de recursos Python actuales
  - Patrones de compatibilidad identificados
  - Plan de búsqueda recursiva estructurado
  - Configuraciones técnicas validadas
- [x] **Compatibilidad**: `compatibilidad-python.md`
  - Análisis por formato de salida R-exams
  - Configuraciones matplotlib validadas
  - Scripts de diagnóstico automatizado
  - Guías de resolución de errores

### 🎨 **Templates Desarrollados**
- [x] **Gráficos de Barras**: Basado en I_1796473-Opc-A2v2.Rmd
  - Transferencia R→Python optimizada
  - Configuración matplotlib validada
  - Soporte vertical y horizontal
  - Colores y estilos estandarizados
- [x] **Gráficos Circulares**: Basado en I_1796473-Opc-A2.Rmd
  - Configuración pie charts validada
  - Etiquetas flexibles y configurables
  - Colores optimizados para multi-formato
  - Proporciones automáticas correctas
- [x] **Funciones Lineales**: Basado en vuelo_acrobatico_A.Rmd
  - Funciones por segmentos (piecewise)
  - Variables aleatorias integradas
  - Configuración matplotlib avanzada
  - Escalado automático de ejes
- [x] **Sistema Completo R**: python-rexams-system.R
  - Configuración automática Python-Reticulate
  - Funciones generadoras de código
  - Validación de bibliotecas
  - Setup completo para archivos .Rmd

### 🎯 **Patrones Exitosos Identificados**

#### **1️⃣ Transferencia R→Python** (Patrón más exitoso)
- **Sintaxis validada**: `variable_python = r.variable_r`
- **Tipos soportados**: números, strings, listas, vectores
- **Compatibilidad**: 100% en archivos analizados
- **Casos de uso**: Todos los gráficos parametrizables

#### **2️⃣ Configuración Matplotlib Estándar**
- **Bibliotecas validadas**: matplotlib.pyplot, numpy
- **Configuración exitosa**: figsize, spines, grid, etiquetas
- **Colores optimizados**: Códigos hex específicos
- **Layout**: subplots_adjust con parámetros validados

#### **3️⃣ Chunks Python Optimizados**
- **Header estándar**: `echo=FALSE, message=FALSE, comment='', warning=FALSE, results="hide"`
- **Obligatorio**: `plt.show()` al final
- **Configuración**: DPI=150, dev=c("png", "pdf")

#### **4️⃣ Gráficos Especializados**
- **Barras**: Vertical/horizontal con grid optimizado
- **Circulares**: Etiquetas flexibles, colores estándar
- **Funciones**: Segmentos lineales, escalado automático
- **Multi-series**: Colores diferenciados, leyendas

### 🎯 **Prioridades Identificadas**

#### 🔴 **Alta Prioridad**
1. **Pensamiento Espacial-Métrico**:
   - Gráficos geométricos 2D
   - Representaciones de medidas
   - Transformaciones geométricas
   - Construcciones con matplotlib

2. **Pensamiento Numérico-Variacional**:
   - Rectas numéricas
   - Representaciones de fracciones
   - Gráficos de proporciones
   - Visualización de operaciones

#### 🟡 **Media Prioridad**
1. **Funciones Avanzadas**:
   - Funciones cuadráticas
   - Funciones exponenciales
   - Funciones trigonométricas
   - Sistemas de ecuaciones

#### 🟢 **Baja Prioridad**
1. **Estadística Avanzada**:
   - Distribuciones de probabilidad
   - Análisis de regresión
   - Correlaciones complejas

---

## 🔄 **Próximas Actualizaciones Programadas**

### 📅 **Semana 1-2**
- [ ] **Búsqueda recursiva inicial**: 15 recursos Python prioritarios
- [ ] **Templates geometría**: Figuras 2D básicas con matplotlib
- [ ] **Validación multi-formato**: Probar templates existentes

### 📅 **Semana 3-4**
- [ ] **Integración con ejercicios**: Adaptar 5 ejercicios Lab existentes
- [ ] **Scripts automatización**: Herramientas de generación y validación
- [ ] **Documentación ejemplos**: Casos de uso específicos ICFES

### 📅 **Mes 2**
- [ ] **Expansión numérica**: Templates para representaciones numéricas
- [ ] **Funciones avanzadas**: Cuadráticas y exponenciales
- [ ] **Sistema de búsqueda**: Automatización de actualizaciones

### 📅 **Trimestral**
- [ ] **Revisión completa**: Actualización de recursos web
- [ ] **Evaluación impacto**: Métricas de uso y efectividad
- [ ] **Optimización**: Mejoras basadas en feedback

---

## 📊 **Métricas de Progreso**

### 🎯 **Estado Actual**
- **Archivos analizados**: 50+ archivos .Rmd con Python
- **Patrones documentados**: 4 patrones principales
- **Templates desarrollados**: 4 templates + sistema completo
- **Competencias cubiertas**: 2/4 (Aleatorio ✅, Variacional ✅, Numérico ⚠️, Espacial ❌)
- **Formatos validados**: 5/5 (PDF ✅, HTML ✅, Moodle ✅, Pandoc ✅, NOPS ✅)

### 🎯 **Objetivos Mes 1**
- **Recursos objetivo**: 75 archivos Python analizados
- **Templates objetivo**: 8 templates desarrollados
- **Competencias objetivo**: 4/4 cubiertas
- **Bibliotecas validadas**: matplotlib, numpy, scipy

### 📈 **KPIs de Seguimiento**
- Número de ejercicios Lab usando templates Python
- Tiempo de desarrollo de nuevos ejercicios con Python
- Tasa de éxito en generación multi-formato
- Feedback de usuarios sobre calidad de gráficos

---

## 🔍 **Comparación con TikZ**

### ✅ **Ventajas de Python sobre TikZ**
- **Facilidad de uso**: Sintaxis más intuitiva
- **Flexibilidad**: Gráficos complejos más fáciles
- **Datos dinámicos**: Mejor integración con variables R
- **Compatibilidad**: Menos problemas multi-formato
- **Mantenimiento**: Código más legible y modificable

### ⚠️ **Consideraciones**
- **Dependencias**: Requiere Python + matplotlib
- **Tamaño**: Archivos de imagen más grandes
- **Precisión**: Menos control fino que TikZ
- **Matemáticas**: TikZ mejor para diagramas matemáticos puros

### 🎯 **Recomendaciones de Uso**
- **Python**: Gráficos estadísticos, funciones, datos
- **TikZ**: Diagramas geométricos, tablas, esquemas
- **Combinado**: Usar ambos según fortalezas específicas

---

**Última actualización**: `r Sys.Date()`  
**Próxima revisión**: `r Sys.Date() + 7` (semanal)  
**Responsable**: Sistema de Búsqueda Recursiva Python-Reticulate